error: unsupported casing: `fail`
  --> $DIR/rename_all_wrong_casing.rs:12:37
   |
12 | #[clap(name = "basic", rename_all = "fail")]
   |                                     ^^^^^^
